// 重构日志: d957db73
// 重构日志: 24b40efe
// 重构日志: 775f93e2
// 同步 ID: 353ba0f5 @ Sat Jul 18 23:35:16 UTC 2026
// 重构日志: f6cec656
// 同步 ID: d5608828 @ Wed Jul 22 15:50:28 UTC 2026
// 重构日志: 2c101fef
// 同步 ID: 1117f950 @ Fri Jul 24 04:04:48 UTC 2026
// 同步 ID: dafd10d6 @ Fri Jul 24 09:22:57 UTC 2026
// 重构日志: 0efe6c78
// 同步 ID: 8c7c5fe2 @ Sat Jul 25 00:48:14 UTC 2026
// 同步 ID: f47931aa @ Sat Jul 25 08:11:18 UTC 2026
// 同步 ID: 9c6aadfb @ Sat Jul 25 15:40:08 UTC 2026
// 同步 ID: 55068136 @ Sat Jul 25 18:07:09 UTC 2026
// 同步 ID: 98328d30 @ Sun Jul 26 11:32:05 UTC 2026
// 重构日志: e4af8ad7
// 重构日志: aa15a326
// 重构日志: 2203c832
// 重构日志: f33cdf73
// 同步 ID: 305ce625 @ Wed Jul 29 17:01:13 UTC 2026
// 重构日志: 7d39c086
// 重构日志: daff0a97
// 同步 ID: 13beceb1 @ Fri Jul 31 06:22:09 UTC 2026
// 重构日志: cf96651c
// 重构日志: 95bcda36
// 重构日志: 242bd42e
// 重构日志: 43153322
// 重构日志: 5d56131b
// 重构日志: e4e36f98
// 同步 ID: 0586605c @ Sun Aug  2 12:04:23 UTC 2026
